[     420ms] [ERROR] Failed to load resource: the server responded with a status of 404 (Not Found) @ http://localhost:9115/resources/classes/Player.js:0
[     423ms] [ERROR] Refused to execute script from 'http://localhost:9115/resources/classes/Player.js' because its MIME type ('text/html') is not executable, and strict MIME type checking is enabled. @ http://localhost:9115/:0
[     626ms] [LOG] DVC socket server online @ http://localhost:9115/resources/js/socket.js:5
[    1068ms] [WARNING] <meta name="apple-mobile-web-app-capable" content="yes"> is deprecated. Please include <meta name="mobile-web-app-capable" content="yes"> @ http://localhost:9115/:0
[   30628ms] ReferenceError: t is not defined
    at http://localhost:9115/resources/js/socket.js:11:27
[   45627ms] ReferenceError: t is not defined
    at http://localhost:9115/resources/js/socket.js:11:27
[   60627ms] ReferenceError: t is not defined
    at http://localhost:9115/resources/js/socket.js:11:27
[   75627ms] ReferenceError: t is not defined
    at http://localhost:9115/resources/js/socket.js:11:27
[   90635ms] ReferenceError: t is not defined
    at http://localhost:9115/resources/js/socket.js:11:27
[  105643ms] ReferenceError: t is not defined
    at http://localhost:9115/resources/js/socket.js:11:27
[  120646ms] ReferenceError: t is not defined
    at http://localhost:9115/resources/js/socket.js:11:27
[  135648ms] ReferenceError: t is not defined
    at http://localhost:9115/resources/js/socket.js:11:27
[  150647ms] ReferenceError: t is not defined
    at http://localhost:9115/resources/js/socket.js:11:27
[  165649ms] ReferenceError: t is not defined
    at http://localhost:9115/resources/js/socket.js:11:27
[  180647ms] ReferenceError: t is not defined
    at http://localhost:9115/resources/js/socket.js:11:27
[  195648ms] ReferenceError: t is not defined
    at http://localhost:9115/resources/js/socket.js:11:27
[  210648ms] ReferenceError: t is not defined
    at http://localhost:9115/resources/js/socket.js:11:27
[  225648ms] ReferenceError: t is not defined
    at http://localhost:9115/resources/js/socket.js:11:27
[  240655ms] ReferenceError: t is not defined
    at http://localhost:9115/resources/js/socket.js:11:27
[  255648ms] ReferenceError: t is not defined
    at http://localhost:9115/resources/js/socket.js:11:27
[  270649ms] ReferenceError: t is not defined
    at http://localhost:9115/resources/js/socket.js:11:27
[  285649ms] ReferenceError: t is not defined
    at http://localhost:9115/resources/js/socket.js:11:27
[  300648ms] ReferenceError: t is not defined
    at http://localhost:9115/resources/js/socket.js:11:27
[  315650ms] ReferenceError: t is not defined
    at http://localhost:9115/resources/js/socket.js:11:27
[  330649ms] ReferenceError: t is not defined
    at http://localhost:9115/resources/js/socket.js:11:27
[  345649ms] ReferenceError: t is not defined
    at http://localhost:9115/resources/js/socket.js:11:27
[  360649ms] ReferenceError: t is not defined
    at http://localhost:9115/resources/js/socket.js:11:27
[  375648ms] ReferenceError: t is not defined
    at http://localhost:9115/resources/js/socket.js:11:27
[  390648ms] ReferenceError: t is not defined
    at http://localhost:9115/resources/js/socket.js:11:27
[  405649ms] ReferenceError: t is not defined
    at http://localhost:9115/resources/js/socket.js:11:27
[  420649ms] ReferenceError: t is not defined
    at http://localhost:9115/resources/js/socket.js:11:27
[  435648ms] ReferenceError: t is not defined
    at http://localhost:9115/resources/js/socket.js:11:27
[  450650ms] ReferenceError: t is not defined
    at http://localhost:9115/resources/js/socket.js:11:27
[  465650ms] ReferenceError: t is not defined
    at http://localhost:9115/resources/js/socket.js:11:27
[  480650ms] ReferenceError: t is not defined
    at http://localhost:9115/resources/js/socket.js:11:27
[  495650ms] ReferenceError: t is not defined
    at http://localhost:9115/resources/js/socket.js:11:27
[  510650ms] ReferenceError: t is not defined
    at http://localhost:9115/resources/js/socket.js:11:27
[  525649ms] ReferenceError: t is not defined
    at http://localhost:9115/resources/js/socket.js:11:27
[  540651ms] ReferenceError: t is not defined
    at http://localhost:9115/resources/js/socket.js:11:27
