[     203ms] [ERROR] Failed to load resource: the server responded with a status of 404 (Not Found) @ http://localhost:9115/resources/classes/Player.js:0
[     305ms] [ERROR] Refused to execute script from 'http://localhost:9115/resources/classes/Player.js' because its MIME type ('text/html') is not executable, and strict MIME type checking is enabled. @ http://localhost:9115/:0
[     372ms] [LOG] DVC socket server online @ http://localhost:9115/resources/js/socket.js:5
[     999ms] [WARNING] <meta name="apple-mobile-web-app-capable" content="yes"> is deprecated. Please include <meta name="mobile-web-app-capable" content="yes"> @ http://localhost:9115/:0
[   45375ms] ReferenceError: t is not defined
    at http://localhost:9115/resources/js/socket.js:11:27
[   60373ms] ReferenceError: t is not defined
    at http://localhost:9115/resources/js/socket.js:11:27
[   75373ms] ReferenceError: t is not defined
    at http://localhost:9115/resources/js/socket.js:11:27
[   90373ms] ReferenceError: t is not defined
    at http://localhost:9115/resources/js/socket.js:11:27
[  105374ms] ReferenceError: t is not defined
    at http://localhost:9115/resources/js/socket.js:11:27
[  120374ms] ReferenceError: t is not defined
    at http://localhost:9115/resources/js/socket.js:11:27
[  135375ms] ReferenceError: t is not defined
    at http://localhost:9115/resources/js/socket.js:11:27
[  150373ms] ReferenceError: t is not defined
    at http://localhost:9115/resources/js/socket.js:11:27
[  165374ms] ReferenceError: t is not defined
    at http://localhost:9115/resources/js/socket.js:11:27
[  180374ms] ReferenceError: t is not defined
    at http://localhost:9115/resources/js/socket.js:11:27
[  195374ms] ReferenceError: t is not defined
    at http://localhost:9115/resources/js/socket.js:11:27
[  210373ms] ReferenceError: t is not defined
    at http://localhost:9115/resources/js/socket.js:11:27
[  225375ms] ReferenceError: t is not defined
    at http://localhost:9115/resources/js/socket.js:11:27
[  240373ms] ReferenceError: t is not defined
    at http://localhost:9115/resources/js/socket.js:11:27
[  255374ms] ReferenceError: t is not defined
    at http://localhost:9115/resources/js/socket.js:11:27
[  270374ms] ReferenceError: t is not defined
    at http://localhost:9115/resources/js/socket.js:11:27
[  285372ms] ReferenceError: t is not defined
    at http://localhost:9115/resources/js/socket.js:11:27
